// Jest Snapshot v1, https://goo.gl/fbAQLP

exports[`Icon tests Should render the Icon 1`] = `
<i
  class="fa"
/>
`;
